------------------------------------------------------------
TimeQuest Timing Analyzer Summary
------------------------------------------------------------

Type  : Slow 1200mV 85C Model Setup 'CLOCK_50'
Slack : -8.691
TNS   : -1020.333

Type  : Slow 1200mV 85C Model Hold 'CLOCK_50'
Slack : 0.385
TNS   : 0.000

Type  : Slow 1200mV 85C Model Recovery 'CLOCK_50'
Slack : -1.051
TNS   : -10.047

Type  : Slow 1200mV 85C Model Removal 'CLOCK_50'
Slack : 1.050
TNS   : 0.000

Type  : Slow 1200mV 85C Model Minimum Pulse Width 'CLOCK_50'
Slack : -3.000
TNS   : -316.540

Type  : Slow 1200mV 0C Model Setup 'CLOCK_50'
Slack : -7.924
TNS   : -917.794

Type  : Slow 1200mV 0C Model Hold 'CLOCK_50'
Slack : 0.338
TNS   : 0.000

Type  : Slow 1200mV 0C Model Recovery 'CLOCK_50'
Slack : -0.855
TNS   : -7.881

Type  : Slow 1200mV 0C Model Removal 'CLOCK_50'
Slack : 0.952
TNS   : 0.000

Type  : Slow 1200mV 0C Model Minimum Pulse Width 'CLOCK_50'
Slack : -3.000
TNS   : -316.540

Type  : Fast 1200mV 0C Model Setup 'CLOCK_50'
Slack : -3.770
TNS   : -394.110

Type  : Fast 1200mV 0C Model Hold 'CLOCK_50'
Slack : 0.173
TNS   : 0.000

Type  : Fast 1200mV 0C Model Recovery 'CLOCK_50'
Slack : -0.061
TNS   : -0.276

Type  : Fast 1200mV 0C Model Removal 'CLOCK_50'
Slack : 0.501
TNS   : 0.000

Type  : Fast 1200mV 0C Model Minimum Pulse Width 'CLOCK_50'
Slack : -3.000
TNS   : -317.479

------------------------------------------------------------
